// Jest Snapshot v1, https://goo.gl/fbAQLP

exports[`Loading component renders without crashing 1`] = `
ReactWrapper {
  Symbol(enzyme.__unrendered__): <Loading />,
  Symbol(enzyme.__renderer__): Object {
    "batchedUpdates": [Function],
    "getNode": [Function],
    "render": [Function],
    "simulateError": [Function],
    "simulateEvent": [Function],
    "unmount": [Function],
  },
  Symbol(enzyme.__root__): [Circular],
  Symbol(enzyme.__node__): Object {
    "instance": null,
    "key": undefined,
    "nodeType": "function",
    "props": Object {},
    "ref": null,
    "rendered": Object {
      "instance": <div
        style="display: flex; height: 150px; background-color: white;"
>
        <img
                alt="loading"
        />
</div>,
      "key": undefined,
      "nodeType": "host",
      "props": Object {
        "children": <img
          alt="loading"
          src={undefined}
/>,
        "style": Object {
          "alignItems": "center",
          "backgroundColor": "white",
          "display": "flex",
          "height": "150px",
          "justifyContent": "center",
          "width": "100vw",
        },
      },
      "ref": null,
      "rendered": Array [
        Object {
          "instance": <img
            alt="loading"
/>,
          "key": undefined,
          "nodeType": "host",
          "props": Object {
            "alt": "loading",
            "src": undefined,
          },
          "ref": null,
          "rendered": Array [
            undefined,
          ],
          "type": "img",
        },
      ],
      "type": "div",
    },
    "type": [Function],
  },
  Symbol(enzyme.__nodes__): Array [
    Object {
      "instance": null,
      "key": undefined,
      "nodeType": "function",
      "props": Object {},
      "ref": null,
      "rendered": Object {
        "instance": <div
          style="display: flex; height: 150px; background-color: white;"
>
          <img
                    alt="loading"
          />
</div>,
        "key": undefined,
        "nodeType": "host",
        "props": Object {
          "children": <img
            alt="loading"
            src={undefined}
/>,
          "style": Object {
            "alignItems": "center",
            "backgroundColor": "white",
            "display": "flex",
            "height": "150px",
            "justifyContent": "center",
            "width": "100vw",
          },
        },
        "ref": null,
        "rendered": Array [
          Object {
            "instance": <img
              alt="loading"
/>,
            "key": undefined,
            "nodeType": "host",
            "props": Object {
              "alt": "loading",
              "src": undefined,
            },
            "ref": null,
            "rendered": Array [
              undefined,
            ],
            "type": "img",
          },
        ],
        "type": "div",
      },
      "type": [Function],
    },
  ],
  Symbol(enzyme.__options__): Object {
    "adapter": ReactSixteenAdapter {
      "options": Object {
        "enableComponentDidUpdateOnSetState": true,
        "lifecycles": Object {
          "componentDidUpdate": Object {
            "onSetState": true,
          },
          "getDerivedStateFromProps": true,
          "getSnapshotBeforeUpdate": true,
          "setState": Object {
            "skipsComponentDidUpdateOnNullish": true,
          },
        },
      },
    },
  },
}
`;
